20:04:31 **** Build of configuration Debug for project Practica_2 ****
make -j8 all 
arm-none-eabi-gcc "../Src/main.c" -mcpu=cortex-m4 -std=gnu11 -g3 -DDEBUG -DSTM32 -DSTM32F429ZITx -DSTM32F4 -DNUCLEO_F429ZI -DUSE_HAL_DRIVER -DSTM32F429xx -c -I../Inc -I"D:/Documents/CESE/Programacion_Microcontroladores/PdM_sescriba/Practica_2/Drivers/STM32F4xx_HAL_Driver/Inc" -I"D:/Documents/CESE/Programacion_Microcontroladores/PdM_sescriba/Practica_2/Drivers/CMSIS/Include" -I"D:/Documents/CESE/Programacion_Microcontroladores/PdM_sescriba/Practica_2/Drivers/CMSIS/Device/ST/STM32F4xx/Include" -I"D:/Documents/CESE/Programacion_Microcontroladores/PdM_sescriba/Practica_2/Drivers/BSP/STM32F4xx_Nucleo_144" -I"D:/Documents/CESE/Programacion_Microcontroladores/PdM_sescriba/Practica_2/Drivers/Core/Inc" -O0 -ffunction-sections -fdata-sections -Wall -fstack-usage -MMD -MP -MF"Src/main.d" -MT"Src/main.o" --specs=nano.specs -mfpu=fpv4-sp-d16 -mfloat-abi=hard -mthumb -o "Src/main.o"
arm-none-eabi-gcc -o "Practica_2.elf" @"objects.list"   -mcpu=cortex-m4 -T"D:\Documents\CESE\Programacion_Microcontroladores\PdM_sescriba\Practica_2\STM32F429ZITX_FLASH.ld" --specs=nosys.specs -Wl,-Map="Practica_2.map" -Wl,--gc-sections -static --specs=nano.specs -mfpu=fpv4-sp-d16 -mfloat-abi=hard -mthumb -Wl,--start-group -lc -lm -Wl,--end-group
Finished building target: Practica_2.elf
 
arm-none-eabi-size   Practica_2.elf 
arm-none-eabi-objdump -h -S  Practica_2.elf  > "Practica_2.list"
   text	   data	    bss	    dec	    hex	filename
   6496	     32	   1568	   8096	   1fa0	Practica_2.elf
Finished building: default.size.stdout
 
Finished building: Practica_2.list
 
20:05:17 **** Incremental Build of configuration Debug for project Practica_2 ****
make -j8 all 
arm-none-eabi-size   Practica_2.elf 
   text	   data	    bss	    dec	    hex	filename
   6496	     32	   1568	   8096	   1fa0	Practica_2.elf
Finished building: default.size.stdout
 
