20:00:25 **** Incremental Build of configuration Debug for project Practica_2 ****
make -j8 all 
arm-none-eabi-gcc "../Src/main.c" -mcpu=cortex-m4 -std=gnu11 -g3 -DDEBUG -DSTM32 -DSTM32F429ZITx -DSTM32F4 -DNUCLEO_F429ZI -DUSE_HAL_DRIVER -DSTM32F429xx -c -I../Inc -I"D:/Documents/CESE/Programacion_Microcontroladores/PdM_sescriba/Practica_2/Drivers/STM32F4xx_HAL_Driver/Inc" -I"D:/Documents/CESE/Programacion_Microcontroladores/PdM_sescriba/Practica_2/Drivers/CMSIS/Include" -I"D:/Documents/CESE/Programacion_Microcontroladores/PdM_sescriba/Practica_2/Drivers/CMSIS/Device/ST/STM32F4xx/Include" -I"D:/Documents/CESE/Programacion_Microcontroladores/PdM_sescriba/Practica_2/Drivers/BSP/STM32F4xx_Nucleo_144" -I"D:/Documents/CESE/Programacion_Microcontroladores/PdM_sescriba/Practica_2/Drivers/Core/Inc" -O0 -ffunction-sections -fdata-sections -Wall -fstack-usage -MMD -MP -MF"Src/main.d" -MT"Src/main.o" --specs=nano.specs -mfpu=fpv4-sp-d16 -mfloat-abi=hard -mthumb -o "Src/main.o"
arm-none-eabi-gcc "../Drivers/STM32F4xx_HAL_Driver/Src/stm32f4xx_hal_msp.c" -mcpu=cortex-m4 -std=gnu11 -g3 -DDEBUG -DSTM32 -DSTM32F429ZITx -DSTM32F4 -DNUCLEO_F429ZI -DUSE_HAL_DRIVER -DSTM32F429xx -c -I../Inc -I"D:/Documents/CESE/Programacion_Microcontroladores/PdM_sescriba/Practica_2/Drivers/STM32F4xx_HAL_Driver/Inc" -I"D:/Documents/CESE/Programacion_Microcontroladores/PdM_sescriba/Practica_2/Drivers/CMSIS/Include" -I"D:/Documents/CESE/Programacion_Microcontroladores/PdM_sescriba/Practica_2/Drivers/CMSIS/Device/ST/STM32F4xx/Include" -I"D:/Documents/CESE/Programacion_Microcontroladores/PdM_sescriba/Practica_2/Drivers/BSP/STM32F4xx_Nucleo_144" -I"D:/Documents/CESE/Programacion_Microcontroladores/PdM_sescriba/Practica_2/Drivers/Core/Inc" -O0 -ffunction-sections -fdata-sections -Wall -fstack-usage -MMD -MP -MF"Drivers/STM32F4xx_HAL_Driver/Src/stm32f4xx_hal_msp.d" -MT"Drivers/STM32F4xx_HAL_Driver/Src/stm32f4xx_hal_msp.o" --specs=nano.specs -mfpu=fpv4-sp-d16 -mfloat-abi=hard -mthumb -o "Drivers/STM32F4xx_HAL_Driver/Src/stm32f4xx_hal_msp.o"
arm-none-eabi-gcc "../Drivers/Core/Src/stm32f4xx_it.c" -mcpu=cortex-m4 -std=gnu11 -g3 -DDEBUG -DSTM32 -DSTM32F429ZITx -DSTM32F4 -DNUCLEO_F429ZI -DUSE_HAL_DRIVER -DSTM32F429xx -c -I../Inc -I"D:/Documents/CESE/Programacion_Microcontroladores/PdM_sescriba/Practica_2/Drivers/STM32F4xx_HAL_Driver/Inc" -I"D:/Documents/CESE/Programacion_Microcontroladores/PdM_sescriba/Practica_2/Drivers/CMSIS/Include" -I"D:/Documents/CESE/Programacion_Microcontroladores/PdM_sescriba/Practica_2/Drivers/CMSIS/Device/ST/STM32F4xx/Include" -I"D:/Documents/CESE/Programacion_Microcontroladores/PdM_sescriba/Practica_2/Drivers/BSP/STM32F4xx_Nucleo_144" -I"D:/Documents/CESE/Programacion_Microcontroladores/PdM_sescriba/Practica_2/Drivers/Core/Inc" -O0 -ffunction-sections -fdata-sections -Wall -fstack-usage -MMD -MP -MF"Drivers/Core/Src/stm32f4xx_it.d" -MT"Drivers/Core/Src/stm32f4xx_it.o" --specs=nano.specs -mfpu=fpv4-sp-d16 -mfloat-abi=hard -mthumb -o "Drivers/Core/Src/stm32f4xx_it.o"
arm-none-eabi-gcc -o "Practica_2.elf" @"objects.list"   -mcpu=cortex-m4 -T"D:\Documents\CESE\Programacion_Microcontroladores\PdM_sescriba\Practica_2\STM32F429ZITX_FLASH.ld" --specs=nosys.specs -Wl,-Map="Practica_2.map" -Wl,--gc-sections -static --specs=nano.specs -mfpu=fpv4-sp-d16 -mfloat-abi=hard -mthumb -Wl,--start-group -lc -lm -Wl,--end-group
Finished building target: Practica_2.elf
 
arm-none-eabi-size   Practica_2.elf 
arm-none-eabi-objdump -h -S  Practica_2.elf  > "Practica_2.list"
   text	   data	    bss	    dec	    hex	filename
   6504	     32	   1568	   8104	   1fa8	Practica_2.elf
Finished building: default.size.stdout
 
Finished building: Practica_2.list
 

20:00:31 Build Finished. 0 errors, 0 warnings. (took 6s.816ms)

