21:56:21 **** Incremental Build of configuration Debug for project Practica_1 ****
make -j8 all 
arm-none-eabi-gcc "../Src/main.c" -mcpu=cortex-m4 -std=gnu11 -g3 -DDEBUG -DSTM32 -DSTM32F429ZITx -DSTM32F4 -DNUCLEO_F429ZI -DUSE_HAL_DRIVER -DSTM32F429xx -c -I../Inc -I"D:/Documents/CESE/Programacion_Microcontroladores/PdM_sescriba/Practica_1/Drivers/STM32F4xx_HAL_Driver/Inc" -I"D:/Documents/CESE/Programacion_Microcontroladores/PdM_sescriba/Practica_1/Drivers/CMSIS/Include" -I"D:/Documents/CESE/Programacion_Microcontroladores/PdM_sescriba/Practica_1/Drivers/CMSIS/Device/ST/STM32F4xx/Include" -I"D:/Documents/CESE/Programacion_Microcontroladores/PdM_sescriba/Practica_1/Drivers/BSP/STM32F4xx_Nucleo_144" -I"D:/Documents/CESE/Programacion_Microcontroladores/PdM_sescriba/Practica_1/Drivers/Core/Inc" -O0 -ffunction-sections -fdata-sections -Wall -fstack-usage -MMD -MP -MF"Src/main.d" -MT"Src/main.o" --specs=nano.specs -mfpu=fpv4-sp-d16 -mfloat-abi=hard -mthumb -o "Src/main.o"
arm-none-eabi-gcc -o "Practica_1.elf" @"objects.list"   -mcpu=cortex-m4 -T"D:\Documents\CESE\Programacion_Microcontroladores\PdM_sescriba\Practica_1\STM32F429ZITX_FLASH.ld" --specs=nosys.specs -Wl,-Map="Practica_1.map" -Wl,--gc-sections -static --specs=nano.specs -mfpu=fpv4-sp-d16 -mfloat-abi=hard -mthumb -Wl,--start-group -lc -lm -Wl,--end-group
Finished building target: Practica_1.elf
 
arm-none-eabi-size   Practica_1.elf 
arm-none-eabi-objdump -h -S  Practica_1.elf  > "Practica_1.list"
   text	   data	    bss	    dec	    hex	filename
   6748	     36	   1572	   8356	   20a4	Practica_1.elf
Finished building: default.size.stdout
 
Finished building: Practica_1.list
 

21:56:23 Build Finished. 0 errors, 0 warnings. (took 1s.482ms)

